../Core/Src/main.c:134:5:main	8	static
../Core/Src/main.c:230:6:SystemClock_Config	96	static
../Core/Src/main.c:279:6:PeriphCommonClock_Config	144	static
../Core/Src/main.c:305:13:MX_ADC1_Init	48	static
../Core/Src/main.c:374:13:MX_ADC2_Init	32	static
../Core/Src/main.c:430:13:MX_TIM1_Init	40	static
../Core/Src/main.c:477:13:MX_UART4_Init	8	static
../Core/Src/main.c:510:13:MX_DMA_Init	16	static
../Core/Src/main.c:528:13:MX_GPIO_Init	24	static
../Core/Src/main.c:544:6:HAL_ADC_ConvHalfCpltCallback	24	static,ignoring_inline_asm
../Core/Src/main.c:554:6:HAL_ADC_ConvCpltCallback	24	static,ignoring_inline_asm
../Core/Src/main.c:566:6:UART_SendPacket	288	static
../Core/Src/main.c:590:6:UART_ReceivePacket	32	static
../Core/Src/main.c:618:6:PrepareResponse	24	static
../Core/Src/main.c:647:6:StartUartTask	544	static
../Core/Src/main.c:684:6:StartAdcTask	32	static
../Core/Src/main.c:754:6:HAL_TIM_PeriodElapsedCallback	16	static
../Core/Src/main.c:771:6:Error_Handler	4	static,ignoring_inline_asm
