../Core/Src/main.c:128:6:HAL_ADC_ConvHalfCpltCallback	16	static
../Core/Src/main.c:131:6:HAL_ADC_ConvCpltCallback	32	static
../Core/Src/main.c:159:6:SplitData	24	static
../Core/Src/main.c:182:5:main	16	static
../Core/Src/main.c:244:6:SystemClock_Config	96	static
../Core/Src/main.c:294:13:MX_ADC1_Init	48	static
../Core/Src/main.c:361:13:MX_DAC1_Init	48	static
../Core/Src/main.c:404:13:MX_TIM1_Init	40	static
../Core/Src/main.c:451:13:MX_TIM2_Init	40	static
../Core/Src/main.c:496:13:MX_UART4_Init	8	static
../Core/Src/main.c:529:13:MX_DMA_Init	16	static
../Core/Src/main.c:550:13:MX_GPIO_Init	16	static
../Core/Src/main.c:571:6:Error_Handler	4	static,ignoring_inline_asm
