../Core/Src/main.c:276:5:main	8	static
../Core/Src/main.c:380:6:SystemClock_Config	96	static
../Core/Src/main.c:429:6:PeriphCommonClock_Config	144	static
../Core/Src/main.c:455:13:MX_ADC1_Init	48	static
../Core/Src/main.c:524:13:MX_ADC2_Init	32	static
../Core/Src/main.c:580:13:MX_TIM1_Init	40	static
../Core/Src/main.c:627:13:MX_UART4_Init	8	static
../Core/Src/main.c:660:13:MX_DMA_Init	16	static
../Core/Src/main.c:678:13:MX_GPIO_Init	24	static
../Core/Src/main.c:709:6:ResetSerial	24	static
../Core/Src/main.c:750:6:UartMainProcess	24	static
../Core/Src/main.c:1225:9:SendData	24	static
../Core/Src/main.c:1294:15:CalculateChecksum	24	static
../Core/Src/main.c:1331:6:HAL_UART_RxCpltCallback	24	static,ignoring_inline_asm
../Core/Src/main.c:1343:6:HAL_UART_TxCpltCallback	24	static,ignoring_inline_asm
../Core/Src/main.c:1360:6:HAL_ADC_ConvHalfCpltCallback	24	static,ignoring_inline_asm
../Core/Src/main.c:1370:6:HAL_ADC_ConvCpltCallback	24	static,ignoring_inline_asm
../Core/Src/main.c:1392:6:StartUartTask	24	static
../Core/Src/main.c:1440:6:StartAdcTask	32	static
../Core/Src/main.c:1538:6:HAL_TIM_PeriodElapsedCallback	16	static
../Core/Src/main.c:1555:6:Error_Handler	4	static,ignoring_inline_asm
