../Core/Src/main.c:285:5:main	8	static
../Core/Src/main.c:391:6:SystemClock_Config	96	static
../Core/Src/main.c:440:6:PeriphCommonClock_Config	144	static
../Core/Src/main.c:466:13:MX_ADC1_Init	48	static
../Core/Src/main.c:535:13:MX_ADC2_Init	32	static
../Core/Src/main.c:591:13:MX_TIM1_Init	40	static
../Core/Src/main.c:638:13:MX_UART4_Init	8	static
../Core/Src/main.c:671:13:MX_DMA_Init	16	static
../Core/Src/main.c:689:13:MX_GPIO_Init	24	static
../Core/Src/main.c:720:6:ResetSerial	24	static
../Core/Src/main.c:761:6:UartMainProcess	56	static
../Core/Src/main.c:1249:9:SendData	24	static
../Core/Src/main.c:1318:15:CalculateChecksum	24	static
../Core/Src/main.c:1355:6:HAL_UART_RxCpltCallback	24	static,ignoring_inline_asm
../Core/Src/main.c:1367:6:HAL_UART_TxCpltCallback	24	static,ignoring_inline_asm
../Core/Src/main.c:1384:6:HAL_ADC_ConvHalfCpltCallback	24	static,ignoring_inline_asm
../Core/Src/main.c:1394:6:HAL_ADC_ConvCpltCallback	24	static,ignoring_inline_asm
../Core/Src/main.c:1416:6:StartUartTask	24	static
../Core/Src/main.c:1464:6:StartAdcTask	96	static
../Core/Src/main.c:1598:6:HAL_TIM_PeriodElapsedCallback	16	static
../Core/Src/main.c:1615:6:Error_Handler	4	static,ignoring_inline_asm
